// Jest Snapshot v1, https://goo.gl/fbAQLP

exports[`macros empty: empty 1`] = `

import toReactComponent from 'svgr.macro';

      ↓ ↓ ↓ ↓ ↓ ↓



`;

exports[`macros glob: glob 1`] = `

import toReactComponent from 'svgr.macro';

const { DoneBlack, Autorenew } = toReactComponent(
  './fixtures/material/*.svg',
  { icon: true },
);

      ↓ ↓ ↓ ↓ ↓ ↓

import * as React from "react";
const {
  DoneBlack,
  Autorenew
} = {
  "Autorenew": props => <svg viewBox="0 0 24 24" width="1em" height="1em" {...props}>
  <path d="M12 6v3l4-4-4-4v3c-4.42 0-8 3.58-8 8 0 1.57.46 3.03 1.24 4.26L6.7 14.8A5.87 5.87 0 0 1 6 12c0-3.31 2.69-6 6-6zm6.76 1.74L17.3 9.2c.44.84.7 1.79.7 2.8 0 3.31-2.69 6-6 6v-3l-4 4 4 4v-3c4.42 0 8-3.58 8-8 0-1.57-.46-3.03-1.24-4.26z" />
  <path d="M0 0h24v24H0z" fill="none" />
  </svg>,
  "DoneBlack": props => <svg viewBox="0 0 24 24" width="1em" height="1em" {...props}>
  <path d="M0 0h24v24H0z" fill="none" />
  <path d="M9 16.2L4.8 12l-1.4 1.4L9 19 21 7l-1.4-1.4L9 16.2z" />
  </svg>
};

`;

exports[`macros icon: icon 1`] = `

import toReactComponent from 'svgr.macro';

const Logo = toReactComponent('./fixtures/icon.svg', { icon: true });

      ↓ ↓ ↓ ↓ ↓ ↓

import * as React from "react";

const Logo = props => <svg viewBox="0 0 841.9 595.3" width="1em" height="1em" {...props}>
  <g fill="#61DAFB">
    <path d="M666.3 296.5c0-32.5-40.7-63.3-103.1-82.4 14.4-63.6 8-114.2-20.2-130.4-6.5-3.8-14.1-5.6-22.4-5.6v22.3c4.6 0 8.3.9 11.4 2.6 13.6 7.8 19.5 37.5 14.9 75.7-1.1 9.4-2.9 19.3-5.1 29.4-19.6-4.8-41-8.5-63.5-10.9-13.5-18.5-27.5-35.3-41.6-50 32.6-30.3 63.2-46.9 84-46.9V78c-27.5 0-63.5 19.6-99.9 53.6-36.4-33.8-72.4-53.2-99.9-53.2v22.3c20.7 0 51.4 16.5 84 46.6-14 14.7-28 31.4-41.3 49.9-22.6 2.4-44 6.1-63.6 11-2.3-10-4-19.7-5.2-29-4.7-38.2 1.1-67.9 14.6-75.8 3-1.8 6.9-2.6 11.5-2.6V78.5c-8.4 0-16 1.8-22.6 5.6-28.1 16.2-34.4 66.7-19.9 130.1-62.2 19.2-102.7 49.9-102.7 82.3 0 32.5 40.7 63.3 103.1 82.4-14.4 63.6-8 114.2 20.2 130.4 6.5 3.8 14.1 5.6 22.5 5.6 27.5 0 63.5-19.6 99.9-53.6 36.4 33.8 72.4 53.2 99.9 53.2 8.4 0 16-1.8 22.6-5.6 28.1-16.2 34.4-66.7 19.9-130.1 62-19.1 102.5-49.9 102.5-82.3zm-130.2-66.7c-3.7 12.9-8.3 26.2-13.5 39.5-4.1-8-8.4-16-13.1-24-4.6-8-9.5-15.8-14.4-23.4 14.2 2.1 27.9 4.7 41 7.9zm-45.8 106.5c-7.8 13.5-15.8 26.3-24.1 38.2-14.9 1.3-30 2-45.2 2-15.1 0-30.2-.7-45-1.9-8.3-11.9-16.4-24.6-24.2-38-7.6-13.1-14.5-26.4-20.8-39.8 6.2-13.4 13.2-26.8 20.7-39.9 7.8-13.5 15.8-26.3 24.1-38.2 14.9-1.3 30-2 45.2-2 15.1 0 30.2.7 45 1.9 8.3 11.9 16.4 24.6 24.2 38 7.6 13.1 14.5 26.4 20.8 39.8-6.3 13.4-13.2 26.8-20.7 39.9zm32.3-13c5.4 13.4 10 26.8 13.8 39.8-13.1 3.2-26.9 5.9-41.2 8 4.9-7.7 9.8-15.6 14.4-23.7 4.6-8 8.9-16.1 13-24.1zM421.2 430c-9.3-9.6-18.6-20.3-27.8-32 9 .4 18.2.7 27.5.7 9.4 0 18.7-.2 27.8-.7-9 11.7-18.3 22.4-27.5 32zm-74.4-58.9c-14.2-2.1-27.9-4.7-41-7.9 3.7-12.9 8.3-26.2 13.5-39.5 4.1 8 8.4 16 13.1 24 4.7 8 9.5 15.8 14.4 23.4zM420.7 163c9.3 9.6 18.6 20.3 27.8 32-9-.4-18.2-.7-27.5-.7-9.4 0-18.7.2-27.8.7 9-11.7 18.3-22.4 27.5-32zm-74 58.9c-4.9 7.7-9.8 15.6-14.4 23.7-4.6 8-8.9 16-13 24-5.4-13.4-10-26.8-13.8-39.8 13.1-3.1 26.9-5.8 41.2-7.9zm-90.5 125.2c-35.4-15.1-58.3-34.9-58.3-50.6 0-15.7 22.9-35.6 58.3-50.6 8.6-3.7 18-7 27.7-10.1 5.7 19.6 13.2 40 22.5 60.9-9.2 20.8-16.6 41.1-22.2 60.6-9.9-3.1-19.3-6.5-28-10.2zM310 490c-13.6-7.8-19.5-37.5-14.9-75.7 1.1-9.4 2.9-19.3 5.1-29.4 19.6 4.8 41 8.5 63.5 10.9 13.5 18.5 27.5 35.3 41.6 50-32.6 30.3-63.2 46.9-84 46.9-4.5-.1-8.3-1-11.3-2.7zm237.2-76.2c4.7 38.2-1.1 67.9-14.6 75.8-3 1.8-6.9 2.6-11.5 2.6-20.7 0-51.4-16.5-84-46.6 14-14.7 28-31.4 41.3-49.9 22.6-2.4 44-6.1 63.6-11 2.3 10.1 4.1 19.8 5.2 29.1zm38.5-66.7c-8.6 3.7-18 7-27.7 10.1-5.7-19.6-13.2-40-22.5-60.9 9.2-20.8 16.6-41.1 22.2-60.6 9.9 3.1 19.3 6.5 28.1 10.2 35.4 15.1 58.3 34.9 58.3 50.6-.1 15.7-23 35.6-58.4 50.6zM320.8 78.4z" />
    <circle cx={420.9} cy={296.5} r={45.7} />
  </g>
</svg>;

`;

exports[`macros it should only import react once 2: it should only import react once 2 1`] = `

import * as React from 'react';
import toReactComponent from 'svgr.macro';

const Logo = toReactComponent('./fixtures/logo.svg');
const Icon = toReactComponent('./fixtures/icon.svg');

      ↓ ↓ ↓ ↓ ↓ ↓

import * as React from 'react';

const Logo = props => <svg width={116} height={28} viewBox="0 0 116 28" {...props}>
  <g fill="none" fillRule="evenodd">
    <text fontFamily=".AppleSystemUIFont" fontSize={17.104} fill="#FFF" transform="translate(-1)">
      <tspan x={0} y={27}>
        Cloud Sandb
      </tspan>
      <tspan x={98.991} y={27} letterSpacing={-.257}>
        o
      </tspan>
      <tspan x={108.03} y={27}>
        x
      </tspan>
    </text>
    <path d="M79.534 5.315A5.59 5.59 0 0 1 82.879.203H59.606c-.572 0-1.041.469-1.041 1.042v8.128c0 .573.469 1.042 1.041 1.042h23.247a5.587 5.587 0 0 1-3.319-5.1" fill="#F39A1E" />
    <path d="M85.115 2.67a2.649 2.649 0 0 0-2.645 2.645c0 .907.458 1.708 1.156 2.185.061-.319.158-.624.286-.914a1.745 1.745 0 0 1-.548-1.271 1.75 1.75 0 1 1 3.135-1.072c.3-.098.614-.164.938-.194a2.646 2.646 0 0 0-2.322-1.379" fill="#F39A1E" />
    <path d="M86.356 5.315a1.22 1.22 0 0 0-.081-.437 3.79 3.79 0 0 0-1.709 1.548 1.241 1.241 0 0 0 1.79-1.111M87.85 6.916c.746 0 1.358.58 1.413 1.312a5.044 5.044 0 0 0 .922-2.859 3.751 3.751 0 0 0-2.006-.811 3.145 3.145 0 0 1-.346 2.359l.017-.001M86.944 8.334a.906.906 0 1 0 1.813 0 .906.906 0 0 0-1.813 0" fill="#F39A1E" />
    <path d="M86.754 4.698a1.754 1.754 0 0 1-2.415 2.187 3.749 3.749 0 0 0-.24.872 2.649 2.649 0 0 0 3.547-3.211 3.709 3.709 0 0 0-.892.152" fill="#F39A1E" />
    <path d="M80.045 5.315a5.078 5.078 0 0 0 3.974 4.95 4.252 4.252 0 0 1-.464-2.208 3.158 3.158 0 0 1-1.596-2.742 3.16 3.16 0 0 1 3.156-3.156 3.16 3.16 0 0 1 2.884 1.876c.79.03 1.526.276 2.15.68a5.077 5.077 0 0 0-5.034-4.47 5.075 5.075 0 0 0-5.07 5.07" fill="#F39A1E" />
    <path d="M85.997 4.443a1.241 1.241 0 0 0-1.836 1.664 4.313 4.313 0 0 1 1.836-1.664M85.115 10.386c.906 0 1.756-.24 2.493-.657a1.419 1.419 0 0 1-1.166-1.551 3.136 3.136 0 0 1-2.384.111v.025c0 .756.224 1.46.609 2.051.148.013.297.021.448.021" fill="#F39A1E" />
    <path d="M62.8 8.41c-.208.09-.516.209-1.003.209-.855 0-1.421-.417-1.421-1.311V2.015h1.202V6.93c0 .556.268.666.577.666.208 0 .417-.06.596-.12l.049.934M66.725 8.51l-.109-.646c-.447.517-1.073.755-1.749.755-.964 0-1.769-.467-1.769-1.451 0-1.162 1.103-1.56 2.355-1.56.358 0 .696.04 1.003.08v-.616c0-.596-.447-.884-1.331-.884-.586 0-1.182.129-1.609.308l-.05-.994c.308-.119.974-.338 1.947-.338 1.203 0 2.246.368 2.246 1.819V8.51h-.934zm-.269-2.097c-.218-.019-.546-.049-.864-.049-.685 0-1.301.169-1.301.765 0 .566.556.626.854.626.666 0 1.073-.308 1.311-.557v-.785zM68.334 2.015h1.203v1.159l-.03.656a2.082 2.082 0 0 1 1.56-.666c1.272 0 2.096.974 2.096 2.653 0 1.908-1.112 2.802-2.811 2.802-.756 0-1.689-.179-2.018-.288V2.015zm1.203 5.541c.268.07.546.099.785.099.973 0 1.649-.476 1.649-1.828 0-1.053-.408-1.659-1.163-1.659-.536 0-.983.318-1.271.626v2.762zM73.64 7.374c.07.06.964.298 1.749.298.616 0 1.103-.149 1.103-.566 0-1.033-2.941-.408-2.941-2.365 0-1.003.765-1.55 2.215-1.55.895 0 1.57.209 1.689.278l-.049.994c-.298-.149-.954-.278-1.55-.278-.646 0-1.143.149-1.143.536 0 .944 2.951.338 2.951 2.355 0 1.093-.864 1.57-2.206 1.57a7.903 7.903 0 0 1-1.867-.249l.049-1.023" fill="#FFF" />
    <path fill="#F39A1E" d="M49.726 2.015h1.825v6.491h-1.825zM54.176 5.268h-.004l.004-.015 1.873-3.238h-1.825L52.35 5.253l.011.015h-.011l1.874 3.238h1.825l-1.873-3.238M34.043 2.015h-1.466l-3.748 6.491h1.846l2.669-4.621v4.621h1.845V2.015h-1.146M14.051 5.8h2.873l.622-1.064h-2.915l-.58 1.064" />
    <path d="M13.463 4.477h.002c0-.82.245-1.128 1.043-1.128h2.597l.777-1.346h-3.646c-1.553 0-2.579.544-2.579 2.511v4.004h5.61l.776-1.345h-4.58V4.477M44.996 5.8h2.873l.622-1.064h-2.914L44.996 5.8" fill="#F39A1E" />
    <path d="M44.472 4.477h.002c0-.82.245-1.128 1.044-1.128h2.595l.778-1.346h-3.646c-1.553 0-2.579.544-2.579 2.511v4.004h5.61l.776-1.345h-4.58V4.477M35.995 3.365h2.27v5.141h1.786V3.365h1.68l.779-1.35h-5.735l-.78 1.35M22.193 2.003h-3.13v6.515h3.214c2.256 0 3.271-.87 3.271-3.308 0-2.306-1.005-3.207-3.355-3.207zm-.389 5.173h-.991V3.345h.991c1.443 0 1.895.255 1.895 1.866 0 1.612-.452 1.965-1.895 1.965zM26.567 2.015h1.825v6.491h-1.825zM6.576 5.314V2.015l-2.17.007L.663 8.499h1.79l2.298-3.976v3.949l-.016.027h.016v.007h1.825l2.247-3.983v3.983h1.825V2.015l-2.17.007-1.902 3.292" fill="#F39A1E" />
  </g>
</svg>;

const Icon = props => <svg viewBox="0 0 841.9 595.3" {...props}>
  <g fill="#61DAFB">
    <path d="M666.3 296.5c0-32.5-40.7-63.3-103.1-82.4 14.4-63.6 8-114.2-20.2-130.4-6.5-3.8-14.1-5.6-22.4-5.6v22.3c4.6 0 8.3.9 11.4 2.6 13.6 7.8 19.5 37.5 14.9 75.7-1.1 9.4-2.9 19.3-5.1 29.4-19.6-4.8-41-8.5-63.5-10.9-13.5-18.5-27.5-35.3-41.6-50 32.6-30.3 63.2-46.9 84-46.9V78c-27.5 0-63.5 19.6-99.9 53.6-36.4-33.8-72.4-53.2-99.9-53.2v22.3c20.7 0 51.4 16.5 84 46.6-14 14.7-28 31.4-41.3 49.9-22.6 2.4-44 6.1-63.6 11-2.3-10-4-19.7-5.2-29-4.7-38.2 1.1-67.9 14.6-75.8 3-1.8 6.9-2.6 11.5-2.6V78.5c-8.4 0-16 1.8-22.6 5.6-28.1 16.2-34.4 66.7-19.9 130.1-62.2 19.2-102.7 49.9-102.7 82.3 0 32.5 40.7 63.3 103.1 82.4-14.4 63.6-8 114.2 20.2 130.4 6.5 3.8 14.1 5.6 22.5 5.6 27.5 0 63.5-19.6 99.9-53.6 36.4 33.8 72.4 53.2 99.9 53.2 8.4 0 16-1.8 22.6-5.6 28.1-16.2 34.4-66.7 19.9-130.1 62-19.1 102.5-49.9 102.5-82.3zm-130.2-66.7c-3.7 12.9-8.3 26.2-13.5 39.5-4.1-8-8.4-16-13.1-24-4.6-8-9.5-15.8-14.4-23.4 14.2 2.1 27.9 4.7 41 7.9zm-45.8 106.5c-7.8 13.5-15.8 26.3-24.1 38.2-14.9 1.3-30 2-45.2 2-15.1 0-30.2-.7-45-1.9-8.3-11.9-16.4-24.6-24.2-38-7.6-13.1-14.5-26.4-20.8-39.8 6.2-13.4 13.2-26.8 20.7-39.9 7.8-13.5 15.8-26.3 24.1-38.2 14.9-1.3 30-2 45.2-2 15.1 0 30.2.7 45 1.9 8.3 11.9 16.4 24.6 24.2 38 7.6 13.1 14.5 26.4 20.8 39.8-6.3 13.4-13.2 26.8-20.7 39.9zm32.3-13c5.4 13.4 10 26.8 13.8 39.8-13.1 3.2-26.9 5.9-41.2 8 4.9-7.7 9.8-15.6 14.4-23.7 4.6-8 8.9-16.1 13-24.1zM421.2 430c-9.3-9.6-18.6-20.3-27.8-32 9 .4 18.2.7 27.5.7 9.4 0 18.7-.2 27.8-.7-9 11.7-18.3 22.4-27.5 32zm-74.4-58.9c-14.2-2.1-27.9-4.7-41-7.9 3.7-12.9 8.3-26.2 13.5-39.5 4.1 8 8.4 16 13.1 24 4.7 8 9.5 15.8 14.4 23.4zM420.7 163c9.3 9.6 18.6 20.3 27.8 32-9-.4-18.2-.7-27.5-.7-9.4 0-18.7.2-27.8.7 9-11.7 18.3-22.4 27.5-32zm-74 58.9c-4.9 7.7-9.8 15.6-14.4 23.7-4.6 8-8.9 16-13 24-5.4-13.4-10-26.8-13.8-39.8 13.1-3.1 26.9-5.8 41.2-7.9zm-90.5 125.2c-35.4-15.1-58.3-34.9-58.3-50.6 0-15.7 22.9-35.6 58.3-50.6 8.6-3.7 18-7 27.7-10.1 5.7 19.6 13.2 40 22.5 60.9-9.2 20.8-16.6 41.1-22.2 60.6-9.9-3.1-19.3-6.5-28-10.2zM310 490c-13.6-7.8-19.5-37.5-14.9-75.7 1.1-9.4 2.9-19.3 5.1-29.4 19.6 4.8 41 8.5 63.5 10.9 13.5 18.5 27.5 35.3 41.6 50-32.6 30.3-63.2 46.9-84 46.9-4.5-.1-8.3-1-11.3-2.7zm237.2-76.2c4.7 38.2-1.1 67.9-14.6 75.8-3 1.8-6.9 2.6-11.5 2.6-20.7 0-51.4-16.5-84-46.6 14-14.7 28-31.4 41.3-49.9 22.6-2.4 44-6.1 63.6-11 2.3 10.1 4.1 19.8 5.2 29.1zm38.5-66.7c-8.6 3.7-18 7-27.7 10.1-5.7-19.6-13.2-40-22.5-60.9 9.2-20.8 16.6-41.1 22.2-60.6 9.9 3.1 19.3 6.5 28.1 10.2 35.4 15.1 58.3 34.9 58.3 50.6-.1 15.7-23 35.6-58.4 50.6zM320.8 78.4z" />
    <circle cx={420.9} cy={296.5} r={45.7} />
  </g>
</svg>;

`;

exports[`macros it should only import react once: it should only import react once 1`] = `

import * as React from 'react';
import toReactComponent from 'svgr.macro';

const Logo = toReactComponent('./fixtures/logo.svg');

      ↓ ↓ ↓ ↓ ↓ ↓

import * as React from 'react';

const Logo = props => <svg width={116} height={28} viewBox="0 0 116 28" {...props}>
  <g fill="none" fillRule="evenodd">
    <text fontFamily=".AppleSystemUIFont" fontSize={17.104} fill="#FFF" transform="translate(-1)">
      <tspan x={0} y={27}>
        Cloud Sandb
      </tspan>
      <tspan x={98.991} y={27} letterSpacing={-.257}>
        o
      </tspan>
      <tspan x={108.03} y={27}>
        x
      </tspan>
    </text>
    <path d="M79.534 5.315A5.59 5.59 0 0 1 82.879.203H59.606c-.572 0-1.041.469-1.041 1.042v8.128c0 .573.469 1.042 1.041 1.042h23.247a5.587 5.587 0 0 1-3.319-5.1" fill="#F39A1E" />
    <path d="M85.115 2.67a2.649 2.649 0 0 0-2.645 2.645c0 .907.458 1.708 1.156 2.185.061-.319.158-.624.286-.914a1.745 1.745 0 0 1-.548-1.271 1.75 1.75 0 1 1 3.135-1.072c.3-.098.614-.164.938-.194a2.646 2.646 0 0 0-2.322-1.379" fill="#F39A1E" />
    <path d="M86.356 5.315a1.22 1.22 0 0 0-.081-.437 3.79 3.79 0 0 0-1.709 1.548 1.241 1.241 0 0 0 1.79-1.111M87.85 6.916c.746 0 1.358.58 1.413 1.312a5.044 5.044 0 0 0 .922-2.859 3.751 3.751 0 0 0-2.006-.811 3.145 3.145 0 0 1-.346 2.359l.017-.001M86.944 8.334a.906.906 0 1 0 1.813 0 .906.906 0 0 0-1.813 0" fill="#F39A1E" />
    <path d="M86.754 4.698a1.754 1.754 0 0 1-2.415 2.187 3.749 3.749 0 0 0-.24.872 2.649 2.649 0 0 0 3.547-3.211 3.709 3.709 0 0 0-.892.152" fill="#F39A1E" />
    <path d="M80.045 5.315a5.078 5.078 0 0 0 3.974 4.95 4.252 4.252 0 0 1-.464-2.208 3.158 3.158 0 0 1-1.596-2.742 3.16 3.16 0 0 1 3.156-3.156 3.16 3.16 0 0 1 2.884 1.876c.79.03 1.526.276 2.15.68a5.077 5.077 0 0 0-5.034-4.47 5.075 5.075 0 0 0-5.07 5.07" fill="#F39A1E" />
    <path d="M85.997 4.443a1.241 1.241 0 0 0-1.836 1.664 4.313 4.313 0 0 1 1.836-1.664M85.115 10.386c.906 0 1.756-.24 2.493-.657a1.419 1.419 0 0 1-1.166-1.551 3.136 3.136 0 0 1-2.384.111v.025c0 .756.224 1.46.609 2.051.148.013.297.021.448.021" fill="#F39A1E" />
    <path d="M62.8 8.41c-.208.09-.516.209-1.003.209-.855 0-1.421-.417-1.421-1.311V2.015h1.202V6.93c0 .556.268.666.577.666.208 0 .417-.06.596-.12l.049.934M66.725 8.51l-.109-.646c-.447.517-1.073.755-1.749.755-.964 0-1.769-.467-1.769-1.451 0-1.162 1.103-1.56 2.355-1.56.358 0 .696.04 1.003.08v-.616c0-.596-.447-.884-1.331-.884-.586 0-1.182.129-1.609.308l-.05-.994c.308-.119.974-.338 1.947-.338 1.203 0 2.246.368 2.246 1.819V8.51h-.934zm-.269-2.097c-.218-.019-.546-.049-.864-.049-.685 0-1.301.169-1.301.765 0 .566.556.626.854.626.666 0 1.073-.308 1.311-.557v-.785zM68.334 2.015h1.203v1.159l-.03.656a2.082 2.082 0 0 1 1.56-.666c1.272 0 2.096.974 2.096 2.653 0 1.908-1.112 2.802-2.811 2.802-.756 0-1.689-.179-2.018-.288V2.015zm1.203 5.541c.268.07.546.099.785.099.973 0 1.649-.476 1.649-1.828 0-1.053-.408-1.659-1.163-1.659-.536 0-.983.318-1.271.626v2.762zM73.64 7.374c.07.06.964.298 1.749.298.616 0 1.103-.149 1.103-.566 0-1.033-2.941-.408-2.941-2.365 0-1.003.765-1.55 2.215-1.55.895 0 1.57.209 1.689.278l-.049.994c-.298-.149-.954-.278-1.55-.278-.646 0-1.143.149-1.143.536 0 .944 2.951.338 2.951 2.355 0 1.093-.864 1.57-2.206 1.57a7.903 7.903 0 0 1-1.867-.249l.049-1.023" fill="#FFF" />
    <path fill="#F39A1E" d="M49.726 2.015h1.825v6.491h-1.825zM54.176 5.268h-.004l.004-.015 1.873-3.238h-1.825L52.35 5.253l.011.015h-.011l1.874 3.238h1.825l-1.873-3.238M34.043 2.015h-1.466l-3.748 6.491h1.846l2.669-4.621v4.621h1.845V2.015h-1.146M14.051 5.8h2.873l.622-1.064h-2.915l-.58 1.064" />
    <path d="M13.463 4.477h.002c0-.82.245-1.128 1.043-1.128h2.597l.777-1.346h-3.646c-1.553 0-2.579.544-2.579 2.511v4.004h5.61l.776-1.345h-4.58V4.477M44.996 5.8h2.873l.622-1.064h-2.914L44.996 5.8" fill="#F39A1E" />
    <path d="M44.472 4.477h.002c0-.82.245-1.128 1.044-1.128h2.595l.778-1.346h-3.646c-1.553 0-2.579.544-2.579 2.511v4.004h5.61l.776-1.345h-4.58V4.477M35.995 3.365h2.27v5.141h1.786V3.365h1.68l.779-1.35h-5.735l-.78 1.35M22.193 2.003h-3.13v6.515h3.214c2.256 0 3.271-.87 3.271-3.308 0-2.306-1.005-3.207-3.355-3.207zm-.389 5.173h-.991V3.345h.991c1.443 0 1.895.255 1.895 1.866 0 1.612-.452 1.965-1.895 1.965zM26.567 2.015h1.825v6.491h-1.825zM6.576 5.314V2.015l-2.17.007L.663 8.499h1.79l2.298-3.976v3.949l-.016.027h.016v.007h1.825l2.247-3.983v3.983h1.825V2.015l-2.17.007-1.902 3.292" fill="#F39A1E" />
  </g>
</svg>;

`;

exports[`macros logo: logo 1`] = `

import toReactComponent from 'svgr.macro';

const Logo = toReactComponent('./fixtures/logo.svg');

      ↓ ↓ ↓ ↓ ↓ ↓

import * as React from "react";

const Logo = props => <svg width={116} height={28} viewBox="0 0 116 28" {...props}>
  <g fill="none" fillRule="evenodd">
    <text fontFamily=".AppleSystemUIFont" fontSize={17.104} fill="#FFF" transform="translate(-1)">
      <tspan x={0} y={27}>
        Cloud Sandb
      </tspan>
      <tspan x={98.991} y={27} letterSpacing={-.257}>
        o
      </tspan>
      <tspan x={108.03} y={27}>
        x
      </tspan>
    </text>
    <path d="M79.534 5.315A5.59 5.59 0 0 1 82.879.203H59.606c-.572 0-1.041.469-1.041 1.042v8.128c0 .573.469 1.042 1.041 1.042h23.247a5.587 5.587 0 0 1-3.319-5.1" fill="#F39A1E" />
    <path d="M85.115 2.67a2.649 2.649 0 0 0-2.645 2.645c0 .907.458 1.708 1.156 2.185.061-.319.158-.624.286-.914a1.745 1.745 0 0 1-.548-1.271 1.75 1.75 0 1 1 3.135-1.072c.3-.098.614-.164.938-.194a2.646 2.646 0 0 0-2.322-1.379" fill="#F39A1E" />
    <path d="M86.356 5.315a1.22 1.22 0 0 0-.081-.437 3.79 3.79 0 0 0-1.709 1.548 1.241 1.241 0 0 0 1.79-1.111M87.85 6.916c.746 0 1.358.58 1.413 1.312a5.044 5.044 0 0 0 .922-2.859 3.751 3.751 0 0 0-2.006-.811 3.145 3.145 0 0 1-.346 2.359l.017-.001M86.944 8.334a.906.906 0 1 0 1.813 0 .906.906 0 0 0-1.813 0" fill="#F39A1E" />
    <path d="M86.754 4.698a1.754 1.754 0 0 1-2.415 2.187 3.749 3.749 0 0 0-.24.872 2.649 2.649 0 0 0 3.547-3.211 3.709 3.709 0 0 0-.892.152" fill="#F39A1E" />
    <path d="M80.045 5.315a5.078 5.078 0 0 0 3.974 4.95 4.252 4.252 0 0 1-.464-2.208 3.158 3.158 0 0 1-1.596-2.742 3.16 3.16 0 0 1 3.156-3.156 3.16 3.16 0 0 1 2.884 1.876c.79.03 1.526.276 2.15.68a5.077 5.077 0 0 0-5.034-4.47 5.075 5.075 0 0 0-5.07 5.07" fill="#F39A1E" />
    <path d="M85.997 4.443a1.241 1.241 0 0 0-1.836 1.664 4.313 4.313 0 0 1 1.836-1.664M85.115 10.386c.906 0 1.756-.24 2.493-.657a1.419 1.419 0 0 1-1.166-1.551 3.136 3.136 0 0 1-2.384.111v.025c0 .756.224 1.46.609 2.051.148.013.297.021.448.021" fill="#F39A1E" />
    <path d="M62.8 8.41c-.208.09-.516.209-1.003.209-.855 0-1.421-.417-1.421-1.311V2.015h1.202V6.93c0 .556.268.666.577.666.208 0 .417-.06.596-.12l.049.934M66.725 8.51l-.109-.646c-.447.517-1.073.755-1.749.755-.964 0-1.769-.467-1.769-1.451 0-1.162 1.103-1.56 2.355-1.56.358 0 .696.04 1.003.08v-.616c0-.596-.447-.884-1.331-.884-.586 0-1.182.129-1.609.308l-.05-.994c.308-.119.974-.338 1.947-.338 1.203 0 2.246.368 2.246 1.819V8.51h-.934zm-.269-2.097c-.218-.019-.546-.049-.864-.049-.685 0-1.301.169-1.301.765 0 .566.556.626.854.626.666 0 1.073-.308 1.311-.557v-.785zM68.334 2.015h1.203v1.159l-.03.656a2.082 2.082 0 0 1 1.56-.666c1.272 0 2.096.974 2.096 2.653 0 1.908-1.112 2.802-2.811 2.802-.756 0-1.689-.179-2.018-.288V2.015zm1.203 5.541c.268.07.546.099.785.099.973 0 1.649-.476 1.649-1.828 0-1.053-.408-1.659-1.163-1.659-.536 0-.983.318-1.271.626v2.762zM73.64 7.374c.07.06.964.298 1.749.298.616 0 1.103-.149 1.103-.566 0-1.033-2.941-.408-2.941-2.365 0-1.003.765-1.55 2.215-1.55.895 0 1.57.209 1.689.278l-.049.994c-.298-.149-.954-.278-1.55-.278-.646 0-1.143.149-1.143.536 0 .944 2.951.338 2.951 2.355 0 1.093-.864 1.57-2.206 1.57a7.903 7.903 0 0 1-1.867-.249l.049-1.023" fill="#FFF" />
    <path fill="#F39A1E" d="M49.726 2.015h1.825v6.491h-1.825zM54.176 5.268h-.004l.004-.015 1.873-3.238h-1.825L52.35 5.253l.011.015h-.011l1.874 3.238h1.825l-1.873-3.238M34.043 2.015h-1.466l-3.748 6.491h1.846l2.669-4.621v4.621h1.845V2.015h-1.146M14.051 5.8h2.873l.622-1.064h-2.915l-.58 1.064" />
    <path d="M13.463 4.477h.002c0-.82.245-1.128 1.043-1.128h2.597l.777-1.346h-3.646c-1.553 0-2.579.544-2.579 2.511v4.004h5.61l.776-1.345h-4.58V4.477M44.996 5.8h2.873l.622-1.064h-2.914L44.996 5.8" fill="#F39A1E" />
    <path d="M44.472 4.477h.002c0-.82.245-1.128 1.044-1.128h2.595l.778-1.346h-3.646c-1.553 0-2.579.544-2.579 2.511v4.004h5.61l.776-1.345h-4.58V4.477M35.995 3.365h2.27v5.141h1.786V3.365h1.68l.779-1.35h-5.735l-.78 1.35M22.193 2.003h-3.13v6.515h3.214c2.256 0 3.271-.87 3.271-3.308 0-2.306-1.005-3.207-3.355-3.207zm-.389 5.173h-.991V3.345h.991c1.443 0 1.895.255 1.895 1.866 0 1.612-.452 1.965-1.895 1.965zM26.567 2.015h1.825v6.491h-1.825zM6.576 5.314V2.015l-2.17.007L.663 8.499h1.79l2.298-3.976v3.949l-.016.027h.016v.007h1.825l2.247-3.983v3.983h1.825V2.015l-2.17.007-1.902 3.292" fill="#F39A1E" />
  </g>
</svg>;

`;

exports[`macros replaceAttrValues: replaceAttrValues 1`] = `

import toReactComponent from 'svgr.macro';

const Logo = toReactComponent(
  './fixtures/icon.svg',
  { icon: true, replaceAttrValues: ['#61DAFB=currentColor'] },
);

      ↓ ↓ ↓ ↓ ↓ ↓

import * as React from "react";

const Logo = props => <svg viewBox="0 0 841.9 595.3" width="1em" height="1em" {...props}>
  <g fill="currentColor">
    <path d="M666.3 296.5c0-32.5-40.7-63.3-103.1-82.4 14.4-63.6 8-114.2-20.2-130.4-6.5-3.8-14.1-5.6-22.4-5.6v22.3c4.6 0 8.3.9 11.4 2.6 13.6 7.8 19.5 37.5 14.9 75.7-1.1 9.4-2.9 19.3-5.1 29.4-19.6-4.8-41-8.5-63.5-10.9-13.5-18.5-27.5-35.3-41.6-50 32.6-30.3 63.2-46.9 84-46.9V78c-27.5 0-63.5 19.6-99.9 53.6-36.4-33.8-72.4-53.2-99.9-53.2v22.3c20.7 0 51.4 16.5 84 46.6-14 14.7-28 31.4-41.3 49.9-22.6 2.4-44 6.1-63.6 11-2.3-10-4-19.7-5.2-29-4.7-38.2 1.1-67.9 14.6-75.8 3-1.8 6.9-2.6 11.5-2.6V78.5c-8.4 0-16 1.8-22.6 5.6-28.1 16.2-34.4 66.7-19.9 130.1-62.2 19.2-102.7 49.9-102.7 82.3 0 32.5 40.7 63.3 103.1 82.4-14.4 63.6-8 114.2 20.2 130.4 6.5 3.8 14.1 5.6 22.5 5.6 27.5 0 63.5-19.6 99.9-53.6 36.4 33.8 72.4 53.2 99.9 53.2 8.4 0 16-1.8 22.6-5.6 28.1-16.2 34.4-66.7 19.9-130.1 62-19.1 102.5-49.9 102.5-82.3zm-130.2-66.7c-3.7 12.9-8.3 26.2-13.5 39.5-4.1-8-8.4-16-13.1-24-4.6-8-9.5-15.8-14.4-23.4 14.2 2.1 27.9 4.7 41 7.9zm-45.8 106.5c-7.8 13.5-15.8 26.3-24.1 38.2-14.9 1.3-30 2-45.2 2-15.1 0-30.2-.7-45-1.9-8.3-11.9-16.4-24.6-24.2-38-7.6-13.1-14.5-26.4-20.8-39.8 6.2-13.4 13.2-26.8 20.7-39.9 7.8-13.5 15.8-26.3 24.1-38.2 14.9-1.3 30-2 45.2-2 15.1 0 30.2.7 45 1.9 8.3 11.9 16.4 24.6 24.2 38 7.6 13.1 14.5 26.4 20.8 39.8-6.3 13.4-13.2 26.8-20.7 39.9zm32.3-13c5.4 13.4 10 26.8 13.8 39.8-13.1 3.2-26.9 5.9-41.2 8 4.9-7.7 9.8-15.6 14.4-23.7 4.6-8 8.9-16.1 13-24.1zM421.2 430c-9.3-9.6-18.6-20.3-27.8-32 9 .4 18.2.7 27.5.7 9.4 0 18.7-.2 27.8-.7-9 11.7-18.3 22.4-27.5 32zm-74.4-58.9c-14.2-2.1-27.9-4.7-41-7.9 3.7-12.9 8.3-26.2 13.5-39.5 4.1 8 8.4 16 13.1 24 4.7 8 9.5 15.8 14.4 23.4zM420.7 163c9.3 9.6 18.6 20.3 27.8 32-9-.4-18.2-.7-27.5-.7-9.4 0-18.7.2-27.8.7 9-11.7 18.3-22.4 27.5-32zm-74 58.9c-4.9 7.7-9.8 15.6-14.4 23.7-4.6 8-8.9 16-13 24-5.4-13.4-10-26.8-13.8-39.8 13.1-3.1 26.9-5.8 41.2-7.9zm-90.5 125.2c-35.4-15.1-58.3-34.9-58.3-50.6 0-15.7 22.9-35.6 58.3-50.6 8.6-3.7 18-7 27.7-10.1 5.7 19.6 13.2 40 22.5 60.9-9.2 20.8-16.6 41.1-22.2 60.6-9.9-3.1-19.3-6.5-28-10.2zM310 490c-13.6-7.8-19.5-37.5-14.9-75.7 1.1-9.4 2.9-19.3 5.1-29.4 19.6 4.8 41 8.5 63.5 10.9 13.5 18.5 27.5 35.3 41.6 50-32.6 30.3-63.2 46.9-84 46.9-4.5-.1-8.3-1-11.3-2.7zm237.2-76.2c4.7 38.2-1.1 67.9-14.6 75.8-3 1.8-6.9 2.6-11.5 2.6-20.7 0-51.4-16.5-84-46.6 14-14.7 28-31.4 41.3-49.9 22.6-2.4 44-6.1 63.6-11 2.3 10.1 4.1 19.8 5.2 29.1zm38.5-66.7c-8.6 3.7-18 7-27.7 10.1-5.7-19.6-13.2-40-22.5-60.9 9.2-20.8 16.6-41.1 22.2-60.6 9.9 3.1 19.3 6.5 28.1 10.2 35.4 15.1 58.3 34.9 58.3 50.6-.1 15.7-23 35.6-58.4 50.6zM320.8 78.4z" />
    <circle cx={420.9} cy={296.5} r={45.7} />
  </g>
</svg>;

`;
